[Mania];Keys;1;ColumnStart;!x_1key!
[Mania];Keys;2;ColumnStart;!x_2key!
[Mania];Keys;3;ColumnStart;!x_3key!
[Mania];Keys;4;ColumnStart;!x_4key!
[Mania];Keys;5;ColumnStart;!x_5key!
[Mania];Keys;6;ColumnStart;!x_6key!
[Mania];Keys;7;ColumnStart;!x_7key!
[Mania];Keys;8;ColumnStart;!x_8key!
[Mania];Keys;9;ColumnStart;!x_9key!